﻿
> build
> vite build

[36mvite v8.1.2 [32mbuilding client environment for production...[36m[39m
[2K
transforming...тЬУ 1934 modules transformed.
rendering chunks...
computing gzip size...
dist/index.html                                                                                                                   1.35 kB тФВ gzip:   0.58 kB
dist/assets/logo-monago-zUYR3nnk.jpg                                                                                             14.38 kB
dist/assets/favicon-DSj-Rwd7.ico                                                                                                 15.22 kB
dist/assets/groupe-hommes-affaires-afro-americains_926199-3049393-C-sLeYRB.jpg                                                   70.10 kB
dist/assets/Ing_Francklin_ETOKA-BBv3X-v_.jpeg                                                                                    80.73 kB
dist/assets/employee-energie-solaire-fournissant-soutien-distance-dans-usine-panneaux-solaires_482257-125116(1)-B_OtLw8Q.jpg     83.16 kB
dist/assets/ingenieurs-equipe-discutant-dans-salle-serveurs-train-faire-du-brainstorming_482257-118150(1)-BVbxpfUK.jpg           89.38 kB
dist/assets/Claude_OMVOULET-CyU6bUmX.jpeg                                                                                       161.52 kB
dist/assets/Ing_Destin├йe_MOUISSOU-RdrRaiFU.jpeg                                                                                 327.76 kB
dist/assets/2147626421-igBQQs0L.jpg                                                                                             557.59 kB
dist/assets/hero-bg-B8vR5n8F.jpg                                                                                              3,043.97 kB
dist/assets/index-Bcf7XeGb.css                                                                                                  124.37 kB тФВ gzip:  19.23 kB
dist/assets/favicon-D4L8Sm_u.js                                                                                                   0.05 kB тФВ gzip:   0.07 kB
dist/assets/2147626421-ChgSmb38.js                                                                                                0.05 kB тФВ gzip:   0.07 kB
dist/assets/arrow-left-CIHsSa3h.js                                                                                                0.16 kB тФВ gzip:   0.16 kB
dist/assets/circle-check-Dct4aH6y.js                                                                                              0.17 kB тФВ gzip:   0.16 kB
dist/assets/user-BdoWc4K7.js                                                                                                      0.19 kB тФВ gzip:   0.18 kB
dist/assets/briefcase-hshCT0rI.js                                                                                                 0.22 kB тФВ gzip:   0.20 kB
dist/assets/pen-kYQ8VrK4.js                                                                                                       0.23 kB тФВ gzip:   0.20 kB
dist/assets/circle-alert-xjSkezAc.js                                                                                              0.25 kB тФВ gzip:   0.18 kB
dist/assets/eye-CDcCP_fc.js                                                                                                       0.25 kB тФВ gzip:   0.20 kB
dist/assets/heart-D686MYgR.js                                                                                                     0.25 kB тФВ gzip:   0.21 kB
dist/assets/send-CXakpLH6.js                                                                                                      0.29 kB тФВ gzip:   0.23 kB
dist/assets/users-DB7gkLXZ.js                                                                                                     0.30 kB тФВ gzip:   0.22 kB
dist/assets/log-out-BHqbr_Z4.js                                                                                                   0.30 kB тФВ gzip:   0.22 kB
dist/assets/badge-check-2OKzHjSC.js                                                                                               0.31 kB тФВ gzip:   0.21 kB
dist/assets/save-DlCA4w7_.js                                                                                                      0.32 kB тФВ gzip:   0.22 kB
dist/assets/trash-2-amUGsBKV.js                                                                                                   0.32 kB тФВ gzip:   0.21 kB
dist/assets/graduation-cap-BF1PXZks.js                                                                                            0.33 kB тФВ gzip:   0.24 kB
dist/assets/file-text-CM8qOgA0.js                                                                                                 0.38 kB тФВ gzip:   0.25 kB
dist/assets/textarea-BTc6cyF5.js                                                                                                  0.51 kB тФВ gzip:   0.35 kB
dist/assets/dist-DxF7KutX.js                                                                                                      0.60 kB тФВ gzip:   0.41 kB
dist/assets/ProtectedCandidateRoute-a6eE97Ck.js                                                                                   0.75 kB тФВ gzip:   0.41 kB
dist/assets/badge-C87LRfcr.js                                                                                                     0.80 kB тФВ gzip:   0.42 kB
dist/assets/useCandidate-m4GF4sJS.js                                                                                              1.00 kB тФВ gzip:   0.52 kB
dist/assets/alert-DJe53ios.js                                                                                                     1.02 kB тФВ gzip:   0.52 kB
dist/assets/card-cjoA73Z7.js                                                                                                      1.05 kB тФВ gzip:   0.40 kB
dist/assets/label-nyYY_glg.js                                                                                                     1.15 kB тФВ gzip:   0.61 kB
dist/assets/supabase-storage-3sIWz3SQ.js                                                                                          1.18 kB тФВ gzip:   0.71 kB
dist/assets/createLucideIcon-D1l_1SOF.js                                                                                          1.19 kB тФВ gzip:   0.69 kB
dist/assets/centralAfricaCities-CnOmC5WE.js                                                                                       1.20 kB тФВ gzip:   0.65 kB
dist/assets/table-Z0WZ6Qz7.js                                                                                                     1.64 kB тФВ gzip:   0.58 kB
dist/assets/avatar-DMt42Pqi.js                                                                                                    2.68 kB тФВ gzip:   1.20 kB
dist/assets/CandidateNotificationsPage-ITL1n8FV.js                                                                                2.74 kB тФВ gzip:   1.16 kB
dist/assets/CandidateApplicationsPage-DSQgWvhI.js                                                                                 2.79 kB тФВ gzip:   1.08 kB
dist/assets/CandidateSavedOffersPage-CnpyfnT4.js                                                                                  3.10 kB тФВ gzip:   1.14 kB
dist/assets/candidate-auth-DI5XpPBj.js                                                                                            3.25 kB тФВ gzip:   1.04 kB
dist/assets/CandidateSkillsPage-CKP56A17.js                                                                                       3.32 kB тФВ gzip:   1.39 kB
dist/assets/react-dom-CQmWuZA8.js                                                                                                 3.54 kB тФВ gzip:   1.34 kB
dist/assets/dist-D4oxL3cy.js                                                                                                      3.76 kB тФВ gzip:   1.59 kB
dist/assets/checkbox-BLZxvaSF.js                                                                                                  4.01 kB тФВ gzip:   1.73 kB
dist/assets/button-CagmD1Rk.js                                                                                                    4.10 kB тФВ gzip:   1.84 kB
dist/assets/ServicesPage-CYBFYLmB.js                                                                                              4.16 kB тФВ gzip:   1.64 kB
dist/assets/CandidateForgotPasswordPage-B98Ksf7I.js                                                                               4.44 kB тФВ gzip:   1.73 kB
dist/assets/CandidateLanguagesPage-Ce1Yj7lq.js                                                                                    4.60 kB тФВ gzip:   1.66 kB
dist/assets/CandidatePreferencesPage-DctMbg7g.js                                                                                  5.11 kB тФВ gzip:   1.64 kB
dist/assets/CandidateLoginPage-CpXqdEyq.js                                                                                        5.32 kB тФВ gzip:   1.95 kB
dist/assets/AboutPage-B71Ok-nu.js                                                                                                 5.63 kB тФВ gzip:   1.29 kB
dist/assets/BlogPostDetailPage-Nu9dTbq1.js                                                                                        5.71 kB тФВ gzip:   1.67 kB
dist/assets/CandidateEducationPage-xCvFOz-T.js                                                                                    6.10 kB тФВ gzip:   2.05 kB
dist/assets/dialog-aa5p4gJz.js                                                                                                    6.33 kB тФВ gzip:   2.30 kB
dist/assets/CandidateResetPasswordPage-D9-Iuki6.js                                                                                6.40 kB тФВ gzip:   1.97 kB
dist/assets/CandidateExperiencePage-CvEkCUHJ.js                                                                                   6.44 kB тФВ gzip:   2.15 kB
dist/assets/ContactPage-8KZAO0cP.js                                                                                               6.54 kB тФВ gzip:   1.71 kB
dist/assets/CandidateSignupPage-RM-J3oSx.js                                                                                       7.54 kB тФВ gzip:   2.37 kB
dist/assets/BlogPage-B47iKIrb.js                                                                                                  8.14 kB тФВ gzip:   1.86 kB
dist/assets/jsx-runtime-n5LQ9ujS.js                                                                                               8.53 kB тФВ gzip:   3.26 kB
dist/assets/CandidateSettingsPage-DZRJZrxQ.js                                                                                     8.85 kB тФВ gzip:   2.55 kB
dist/assets/CandidateDashboardPage-p4KokGZo.js                                                                                    9.49 kB тФВ gzip:   3.22 kB
dist/assets/JobOfferDetailPage-BSvLDeHM.js                                                                                       11.03 kB тФВ gzip:   3.31 kB
dist/assets/JobsPage-CRC5mvT_.js                                                                                                 11.04 kB тФВ gzip:   3.12 kB
dist/assets/CandidateCVPage-B-H8d0FM.js                                                                                          11.48 kB тФВ gzip:   3.86 kB
dist/assets/HubEmploiPage-Zv4eebIk.js                                                                                            12.02 kB тФВ gzip:   2.76 kB
dist/assets/CandidateProfilePage-uxBQruiD.js                                                                                     12.77 kB тФВ gzip:   3.43 kB
dist/assets/seo-B2ZLfyMs.js                                                                                                      20.18 kB тФВ gzip:   7.11 kB
dist/assets/utils-B6KiDbIe.js                                                                                                    27.26 kB тФВ gzip:   8.69 kB
dist/assets/CandidateLayout-C1iVL1CS.js                                                                                          32.05 kB тФВ gzip:   9.54 kB
dist/assets/admin-CUKrpDq1.js                                                                                                    81.03 kB тФВ gzip:  15.05 kB
dist/assets/index-CSbDJTXd.js                                                                                                   669.50 kB тФВ gzip: 190.14 kB

node.exe : [33m[33m[INEFFECTIVE_DYNAMIC_IMPORT] 
[0msrc/pages/public/UtilityPages.tsx is dynamically imported by src/App.tsx 
but also statically imported by src/pages/public/index.ts, dynamic import will 
not move module into another chunk.
Au caractère Ligne:1 : 1
+ & "C:\Program Files\nodejs/node.exe" "C:\Program Files\nodejs/node_mo ...
+ ~~~~~~~~~~~~~~~~~~~~~~~~~~~~~~~~~~~~~~~~~~~~~~~~~~~~~~~~~~~~~~~~~~~~~
    + CategoryInfo          : NotSpecified: ([33m[33m[INEF... another chunk. 
   :String) [], RemoteException
    + FullyQualifiedErrorId : NativeCommandError
 
[39m
[33m[plugin builtin:vite-reporter] 
(!) Some chunks are larger than 500 kB after minification. Consider:
- Using dynamic import() to code-split the application
- Use build.rolldownOptions.output.codeSplitting to improve chunking: 
https://rolldown.rs/reference/OutputOptions.codeSplitting
- Adjust chunk size limit for this warning via 
build.chunkSizeWarningLimit.[39m
[32mтЬУ built in 1.88s[39m
